// Jest Snapshot v1, https://goo.gl/fbAQLP

exports[`should render article preview component correctly 1`] = `
<div
  className="preview"
>
  <div
    className="imageContainer"
  >
    <GatsbyLink
      to="/tag/tech"
    >
      <Image
        Tag="div"
        alt="this is the image title"
        fadeIn={true}
        sizes={
          Object {
            "src": "/reference/to/some/image.jpg",
          }
        }
      />
      <h3
        className="topicTitle"
      >
        Tech
      </h3>
    </GatsbyLink>
  </div>
</div>
`;
