// Jest Snapshot v1, https://goo.gl/fbAQLP

exports[`should render tag template correctly 1`] = `
<PageTransition>
  <div
    style={
      Object {
        "background": "#fff",
      }
    }
  >
    <HelmetWrapper
      defer={true}
      encodeSpecialCharacters={true}
      title="Tech | Lipstick, Wine, and Heels"
    >
      <html
        lang="en"
      />
      <meta
        content="Lipstick, Wine, and Heels is a lifestyle blog dedicated to chic living and nerdy topics. I am a woman in tech who appreciates fashion, fine food and drink, crafty hobbies, fitness, and cats."
        name="description"
      />
    </HelmetWrapper>
    <div
      className="heroContainer"
    >
      <div
        className="hero"
        style={
          Object {
            "backgroundImage": "url(/reference/to/some/image.jpg)",
          }
        }
      />
    </div>
    <div
      className="tagContainer"
    >
      <h1
        className="section-headline"
      >
        Recent articles in 
        Tech
      </h1>
      <ul
        className="article-list"
      >
        <li
          key="this-is-a-sample-blog-post"
        >
          <Component
            article={
              Object {
                "date": "August 30, 2018",
                "slug": "this-is-a-sample-blog-post",
                "tags": Array [
                  Object {
                    "slug": "tech",
                    "title": "Tech",
                  },
                ],
                "title": "This is a sample blog post",
              }
            }
            postStyles={
              Object {
                "gridTemplateColumns": "100%",
                "margin": "0 auto",
                "maxWidth": "660px",
              }
            }
          />
        </li>
        <li
          key="hello-world"
        >
          <Component
            article={
              Object {
                "date": "August 28, 2018",
                "slug": "hello-world",
                "tags": Array [
                  Object {
                    "slug": "tech",
                    "title": "Tech",
                  },
                  Object {
                    "slug": "travel",
                    "title": "Travel",
                  },
                ],
                "title": "Hello World!",
              }
            }
            postStyles={
              Object {
                "gridTemplateColumns": "100%",
                "margin": "0 auto",
                "maxWidth": "660px",
              }
            }
          />
        </li>
      </ul>
    </div>
  </div>
</PageTransition>
`;
